cargo : warning: field `client` is never read
At line:1 char:1
+ cargo test --lib 2>&1 | Tee-Object -FilePath test_output.txt | Select ...
+ ~~~~~~~~~~~~~~~~~~~~~
    + CategoryInfo          : NotSpecified: (warning: field `client` is never read:String) [], RemoteException
    + FullyQualifiedErrorId : NativeCommandError
 
   --> src\discovery\tvdb.rs:109:5
    |
105 | pub struct TvdbClient {
    |            ---------- field in this struct
...
109 |     client: Client,
    |     ^^^^^^
    |
    = note: `#[warn(dead_code)]` (part of `#[warn(unused)]`) on by default

warning: methods `authenticate`, `ensure_token`, `authenticated_get`, `get_season_zero`, and `get_episode_extended` are never used
   --> src\discovery\tvdb.rs:125:14
    |
114 | impl TvdbClient {
    | --------------- methods in this implementation
...
125 |     async fn authenticate(&self) -> Result<String, DiscoveryError> {
    |              ^^^^^^^^^^^^
...
161 |     async fn ensure_token(&self) -> Result<String, DiscoveryError> {
    |              ^^^^^^^^^^^^
...
176 |     async fn authenticated_get(&self, url: &str) -> Result<reqwest::Response, DiscoveryError> {
    |              ^^^^^^^^^^^^^^^^^
...
216 |     pub async fn get_season_zero(&self, tvdb_id: u64) -> Result<Vec<TvdbEpisode>, DiscoveryError> {
    |                  ^^^^^^^^^^^^^^^
...
272 |     pub async fn get_episode_extended(&self, episode_id: u64) -> Result<TvdbEpisodeExtended, DiscoveryError> {
    |                  ^^^^^^^^^^^^^^^^^^^^

warning: `extras_fetcher` (lib test) generated 2 warnings
    Finished `test` profile [unoptimized + debuginfo] target(s) in 0.42s
     Running unittests src\lib.rs (target\debug\deps\extras_fetcher-12869198f4bb8428.exe)

running 362 tests
test cli::tests::test_cli_config_from_args ... ok
test cli::tests::test_display_banner_does_not_panic ... ok
test cli::tests::test_display_config_does_not_panic ... ok
test cli::tests::test_movies_only_flag_sets_processing_mode ... ok
test cli::property_tests::prop_verbose_flag_effect ... ok
test cli::tests::test_series_only_flag_sets_processing_mode ... ok
test cli::tests::test_source_mode_display ... ok
test cli::tests::test_mutually_exclusive_flags_error ... ok
test cli::tests::test_season_extras_flag ... ok
test cli::property_tests::prop_config_display_completeness ... ok
test cli::tests::test_type_flag_movie_valid ... ok
test cli::tests::test_type_flag_invalid_value ... ok
test cli::tests::test_type_flag_series_valid ... ok
test cli::tests::test_specials_flag ... ok
test cli::tests::test_validate_config_nonexistent_directory ... ok
test cli::tests::test_validate_config_default_values ... ok
test config::tests::test_config_default_path ... ok
test cli::tests::test_validate_config_valid_directory ... ok
test cli::tests::test_validate_config_zero_concurrency ... ok
test config::tests::test_config_deserialization ... ok
test cli::tests::test_validate_config_file_instead_of_directory ... ok
test config::tests::test_config_serialization ... ok
test config::tests::test_config_load_nonexistent ... ok
test config::tests::test_config_save_and_load ... ok
test config::tests::test_config_with_tvdb_key_deserialization ... ok
test config::tests::test_config_with_tvdb_key_serialization ... ok
test config::tests::test_config_load_invalid_json ... ok
test converter::property_tests::prop_crf_value_clamping ... ok
test converter::property_tests::prop_crf_value_range ... ok
test converter::property_tests::prop_hardware_acceleration_selection ... ok
test converter::property_tests::prop_ffmpeg_codec_usage ... ok
test converter::tests::test_build_ffmpeg_command_nvenc ... ok
test config::property_tests::prop_config_serialization_round_trip ... ok
test converter::tests::test_build_ffmpeg_command_qsv ... ok
test converter::tests::test_build_ffmpeg_command_software ... ok
test converter::tests::test_build_ffmpeg_command_videotoolbox ... ok
test converter::tests::test_convert_single_creates_output_path ... ok
test converter::tests::test_crf_above_range_defaults_to_25 ... ok
test converter::tests::test_crf_below_range_defaults_to_25 ... ok
test converter::tests::test_crf_values_in_range ... ok
test converter::tests::test_check_encoder_support ... ok
test converter::tests::test_ffmpeg_command_copies_audio ... ok
test converter::tests::test_convert_batch_skips_failed_downloads ... ok
test converter::tests::test_hardware_accel_types ... ok
test converter::tests::test_ffmpeg_command_includes_overwrite_flag ... ok
test converter::tests::test_output_path_generation ... ok
test converter::tests::test_with_config_validates_crf ... ok
test discovery::archive::property_tests::prop_archive_general_query_year_based ... ok
test discovery::archive::property_tests::prop_archive_query_construction ... ok
test discovery::archive::property_tests::prop_dvdxtras_query_no_year ... ok
test discovery::archive::property_tests::prop_subject_mapping_deterministic ... ok
test converter::tests::test_detect_hardware_accel_returns_valid_type ... ok
test discovery::archive::tests::test_build_dvdxtras_query ... ok
test discovery::archive::tests::test_build_general_query ... ok
test discovery::archive::tests::test_doc_to_video_source_dvdxtras_fallback ... ok
test discovery::archive::tests::test_doc_to_video_source_infers_from_title ... ok
test discovery::archive::tests::test_doc_to_video_source_no_category ... ok
test discovery::archive::tests::test_doc_to_video_source_with_subjects ... ok
test discovery::archive::tests::test_infer_category_epk ... ok
test converter::tests::test_new_converter_detects_hardware ... ok
test discovery::archive::tests::test_infer_category_from_description ... ok
test discovery::archive::tests::test_infer_category_from_title_bts ... ok
test discovery::archive::tests::test_infer_category_from_title_interview ... ok
test discovery::archive::tests::test_map_subjects_behind_the_scenes ... ok
test discovery::archive::tests::test_infer_category_from_title_deleted ... ok
test discovery::archive::tests::test_map_subjects_clip_defaults_to_featurette ... ok
test discovery::archive::tests::test_map_subjects_interview ... ok
test discovery::archive::tests::test_map_subjects_deleted_scene ... ok
test discovery::archive::tests::test_map_subjects_featurette ... ok
test discovery::archive::tests::test_map_subjects_trailer ... ok
test discovery::archive::tests::test_map_subjects_unknown ... ok
test discovery::fuzzy_matching::tests::prop_match_result_consistency ... ok
test discovery::fuzzy_matching::tests::prop_levenshtein_symmetry ... ok
test discovery::fuzzy_matching::tests::prop_normalized_strings_are_lowercase ... ok
test discovery::fuzzy_matching::tests::prop_identical_strings_match ... ok
test discovery::fuzzy_matching::tests::prop_similarity_score_range ... ok
test discovery::fuzzy_matching::tests::test_get_similarity_score ... ok
test discovery::fuzzy_matching::tests::test_get_similarity_score_with_typo ... ok
test discovery::fuzzy_matching::tests::test_levenshtein_empty_string ... ok
test discovery::fuzzy_matching::tests::test_levenshtein_identical ... ok
test discovery::fuzzy_matching::tests::test_levenshtein_one_char_diff ... ok
test discovery::fuzzy_matching::tests::prop_similarity_score_symmetry ... ok
test discovery::fuzzy_matching::tests::test_normalize_lowercase ... ok
test discovery::fuzzy_matching::tests::test_normalize_multiple_spaces ... ok
test discovery::fuzzy_matching::tests::test_normalize_removes_special_chars ... ok
test discovery::fuzzy_matching::tests::test_similarity_score_very_different ... ok
test discovery::fuzzy_matching::tests::test_titles_match_case_insensitive ... ok
test discovery::fuzzy_matching::tests::test_titles_match_exact ... ok
test discovery::fuzzy_matching::tests::test_similarity_score_identical ... ok
test discovery::fuzzy_matching::tests::test_titles_match_minor_typo ... ok
test discovery::fuzzy_matching::tests::test_titles_match_with_special_chars ... ok
test discovery::fuzzy_matching::tests::test_titles_no_match_very_different ... ok
test discovery::fuzzy_matching::tests::prop_threshold_80_percent ... ok
test discovery::season_pack::tests::prop_archive_detection_consistency ... ok
test discovery::season_pack::tests::prop_non_archive_detection ... ok
test discovery::season_pack::tests::prop_unknown_pattern_returns_none ... ok
test discovery::season_pack::tests::test_identify_behind_the_scenes ... ok
test discovery::season_pack::tests::test_identify_blooper ... ok
test discovery::season_pack::tests::test_identify_case_insensitive ... ok
test discovery::season_pack::tests::test_identify_deleted_scene ... ok
test discovery::season_pack::tests::test_identify_featurette ... ok
test discovery::season_pack::tests::test_identify_unknown_pattern ... ok
test discovery::season_pack::tests::test_identify_interview ... ok
test discovery::season_pack::tests::test_is_archive_7z ... ok
test discovery::season_pack::tests::test_is_archive_not_video ... ok
test discovery::season_pack::tests::test_is_archive_rar ... ok
test discovery::season_pack::tests::test_is_archive_tar_gz ... ok
test discovery::season_pack::tests::test_is_archive_zip ... ok
test discovery::season_pack::tests::prop_season_pack_file_identification ... ok
test discovery::season_zero_import::tests::prop_sanitize_removes_invalid_chars ... ok
test discovery::season_zero_import::tests::prop_season_zero_episode_extraction ... ok
test discovery::season_zero_import::tests::test_extract_episode_number_case_insensitive ... ok
test discovery::season_zero_import::tests::test_extract_episode_number_double_digit ... ok
test discovery::season_zero_import::tests::prop_season_zero_filename_generation ... ok
test discovery::season_zero_import::tests::test_extract_episode_number_invalid ... ok
test discovery::season_zero_import::tests::test_extract_episode_number_standard ... ok
test discovery::season_zero_import::tests::test_generate_season_zero_filename ... ok
test discovery::season_zero_import::tests::test_generate_season_zero_filename_sanitizes_title ... ok
test discovery::season_zero_import::tests::test_generate_season_zero_filename_single_digit ... ok
test discovery::season_zero_import::tests::test_extract_episode_number_with_title ... ok
test discovery::season_zero_import::tests::test_sanitize_filename ... ok
test discovery::series_cache::property_tests::prop_cache_freshness_logic ... ok
test discovery::season_zero_import::tests::test_sanitize_filename_with_slashes ... ok
test discovery::series_cache::tests::test_cache_clear_single ... ok
test discovery::series_cache::tests::test_cache_clear_all ... ok
test discovery::series_cache::tests::test_cache_nonexistent_file ... ok
test discovery::series_cache::tests::test_cache_ttl_expiration ... ok
test discovery::series_cache::tests::test_cache_creation_and_reading ... ok
test discovery::series_cache::tests::test_force_flag_bypasses_cache ... ok
test discovery::series_cache::tests::test_invalid_cache_handling ... ok
test discovery::series_cache::tests::test_cache_with_special_characters ... ok
test discovery::series_orchestrator::tests::test_season_specific_extra_creation ... ok
test discovery::series_orchestrator::property_tests::prop_series_error_isolation ... ok
test discovery::series_orchestrator::tests::test_series_discovery_orchestrator_creation_youtube_only_mode ... ok
test discovery::series_orchestrator::tests::test_series_discovery_orchestrator_creation_all_mode ... ok
test discovery::series_orchestrator::tests::test_series_entry_display ... ok
test discovery::series_orchestrator::tests::test_series_entry_without_year ... ok
test discovery::series_orchestrator::tests::test_series_extra_creation ... ok
test discovery::series_tmdb::property_tests::prop_season_zero_episode_separation ... ok
test discovery::series_tmdb::property_tests::prop_tmdb_video_type_mapping_completeness ... ok
test discovery::series_tmdb::tests::test_all_tmdb_types_mapped_correctly ... ok
test discovery::series_tmdb::tests::test_map_tmdb_type_behind_the_scenes ... ok
test discovery::series_tmdb::tests::test_map_tmdb_type_bloopers ... ok
test discovery::series_tmdb::tests::test_map_tmdb_type_deleted_scene ... ok
test discovery::series_tmdb::tests::test_map_tmdb_type_featurette ... ok
test discovery::series_tmdb::tests::test_map_tmdb_type_unknown ... ok
test discovery::series_tmdb::tests::test_map_tmdb_type_trailer ... ok
test discovery::series_tmdb::tests::test_series_extra_creation_from_video ... ok
test discovery::series_tmdb::tests::test_special_episode_creation ... ok
test discovery::series_tmdb::tests::test_special_episode_without_air_date ... ok
test discovery::series_tmdb::tests::test_tmdb_series_discoverer_creation ... ok
test discovery::series_tmdb::tests::test_unknown_types_return_none ... ok
test discovery::series_youtube::tests::prop_season_specific_query_tagging ... ok
test discovery::series_youtube::tests::prop_youtube_series_query_construction ... ok
test discovery::series_youtube::tests::test_duration_validation ... ok
test discovery::series_youtube::tests::test_season_query_construction_high_season_number ... ok
test discovery::series_youtube::tests::test_season_query_construction_with_year ... ok
test discovery::series_youtube::tests::test_season_query_construction_without_year ... ok
test discovery::series_youtube::tests::test_series_query_construction_with_year ... ok
test discovery::series_youtube::tests::test_series_query_construction_without_year ... ok
test discovery::series_youtube::tests::test_should_include_video_basic ... ok
test discovery::series_youtube::tests::test_should_include_video_excluded_keywords ... ok
test discovery::series_youtube::tests::test_should_include_video_missing_title ... ok
test discovery::series_youtube::tests::test_should_include_video_invalid_duration ... ok
test discovery::series_youtube::tests::test_youtube_short_detection ... ok
test discovery::series_youtube::tests::test_should_include_video_youtube_short ... ok
test discovery::title_matching::tests::test_contains_movie_title ... ok
test discovery::title_matching::tests::test_contains_excluded_keywords ... ok
test discovery::title_matching::tests::test_mentions_collection_movies ... ok
test discovery::title_matching::tests::test_extract_season_numbers ... ok
test discovery::title_matching::tests::test_mentions_different_year ... ok
test discovery::title_matching::tests::test_mentions_sequel_number ... ok
test discovery::title_matching::tests::test_normalize_title_basic ... ok
test discovery::title_matching::tests::test_normalize_title_with_superscripts ... ok
test discovery::title_matching::tests::test_normalize_title_with_roman_numerals ... ok
test discovery::title_matching::tests::test_references_unavailable_season ... ok
test discovery::title_matching::tests::test_roman_to_int ... ok
test discovery::tvdb::property_tests::prop_tvdb_api_url_construction ... ok
test discovery::tvdb::property_tests::prop_tvdb_episode_extended_parsing_completeness ... ok
test discovery::tvdb::property_tests::prop_tvdb_episode_extended_serialization_round_trip ... ok
test discovery::tvdb::property_tests::prop_tvdb_episode_parsing_completeness ... ok
test discovery::tvdb::property_tests::prop_tvdb_episode_serialization_round_trip ... ok
test discovery::tvdb::tests::test_tvdb_client_creation ... ok
test discovery::tvdb::tests::test_tvdb_client_token_storage ... ok
test discovery::tvdb::tests::test_tvdb_episode_deserialization ... ok
test discovery::tvdb::tests::test_tvdb_episode_extended_deserialization ... ok
test discovery::tvdb::tests::test_tvdb_episode_extended_with_missing_optional_fields ... ok
test discovery::tvdb::tests::test_tvdb_episode_with_missing_optional_fields ... ok
test discovery::tvdb::tests::test_tvdb_episodes_page_deserialization ... ok
test discovery::tvdb::tests::test_tvdb_login_response_deserialization ... ok
test discovery::tvdb::tests::test_tvdb_search_result_deserialization ... ok
test downloader::property_tests::prop_download_error_continuation_disabled ... ignored
test downloader::property_tests::prop_temp_directory_creation ... ok
test downloader::property_tests::prop_timeout_graceful_handling_disabled ... ignored
test downloader::tests::test_cleanup_partial_files ... ok
test downloader::tests::test_create_temp_dir ... ok
test downloader::tests::test_create_temp_dir_cleans_existing ... ok
test downloader::property_tests::prop_download_failure_cleanup ... ok
test downloader::tests::test_download_all_empty_sources ... ok
test downloader::tests::test_download_all_temp_dir_creation_failure ... ok
test downloader::tests::test_find_downloaded_file ... ok
test downloader::tests::test_find_downloaded_file_not_found ... ok
test downloader::tests::test_with_timeout ... ok
test error::tests::test_error_context_preservation ... ok
test error::tests::test_error_display_trait_series_discovery ... ok
test error::tests::test_error_display_trait_series_organizer ... ok
test error::tests::test_error_display_trait_series_scan ... ok
test error::tests::test_error_propagation_io_to_series_organizer ... ok
test error::tests::test_error_propagation_io_to_series_scan ... ok
test error::tests::test_error_trait_implementation ... ok
test error::tests::test_graceful_degradation_discovery_error ... ok
test error::tests::test_partial_success_scenario ... ok
test error::tests::test_series_discovery_error_debug_format ... ok
test error::tests::test_series_discovery_error_tmdb_api ... ok
test error::tests::test_series_discovery_error_not_found ... ok
test error::tests::test_series_discovery_error_youtube_search ... ok
test error::tests::test_series_organizer_error_debug_format ... ok
test error::tests::test_series_organizer_error_file_not_found ... ok
test error::tests::test_series_organizer_error_invalid_season ... ok
test error::tests::test_series_organizer_error_io ... ok
test error::tests::test_series_scan_error_debug_format ... ok
test error::tests::test_series_scan_error_invalid_structure ... ok
test error::tests::test_series_scan_error_io ... ok
test error::tests::test_series_scan_error_parse_error ... ok
test models::property_tests::prop_done_marker_round_trip ... ok
test models::tests::test_content_category_subdirectory ... ok
test models::tests::test_hardware_accel_display ... ok
test models::tests::test_media_type_display ... ok
test models::tests::test_movie_entry_display ... ok
test models::tests::test_processing_mode_display ... ok
test models::tests::test_series_entry_display_with_year ... ok
test models::tests::test_series_entry_display_without_year ... ok
test models::tests::test_series_extra_display ... ok
test models::tests::test_series_extra_display_series_level ... ok
test models::tests::test_source_mode_display ... ok
test models::property_tests::prop_series_extra_serialization_round_trip ... ok
test models::tests::test_special_episode_display ... ok
test orchestrator::property_tests::prop_error_isolation_between_movies ... ok
test orchestrator::property_tests::prop_concurrency_limit_enforcement ... ok
test orchestrator::property_tests::prop_pre_existing_temp_cleanup ... ok
test discovery::season_zero_import::tests::prop_case_insensitive_episode_extraction ... ok
test orchestrator::property_tests::prop_sequential_downloads_within_movie ... ok
test orchestrator::property_tests::prop_series_error_isolation ... ok
test orchestrator::property_tests::prop_temp_folder_cleanup_on_exit ... ok
test orchestrator::tests::test_cleanup_pre_existing_temp ... ok
test orchestrator::tests::test_movie_result_display ... ok
test orchestrator::tests::test_movie_result_failed ... ok
test orchestrator::tests::test_movie_result_success ... ok
test orchestrator::tests::test_orchestrator_concurrency_validation ... ok
test orchestrator::tests::test_orchestrator_drop_cleanup ... ok
test orchestrator::tests::test_orchestrator_new_validates_root_dir ... ok
test orchestrator::tests::test_orchestrator_new_with_processing_mode ... ok
test orchestrator::tests::test_orchestrator_run_with_empty_directory ... ok
test orchestrator::tests::test_orchestrator_run_with_series_and_movies ... ok
test orchestrator::tests::test_orchestrator_sequential_vs_parallel ... ok
test orchestrator::tests::test_orchestrator_with_done_markers ... ok
test orchestrator::tests::test_processing_summary_add_failed_result ... ok
test orchestrator::tests::test_processing_summary_add_series_result ... ok
test orchestrator::tests::test_processing_summary_add_successful_result ... ok
test orchestrator::tests::test_processing_summary_aggregation ... ok
test orchestrator::tests::test_processing_summary_new ... ok
test orchestrator::tests::test_series_result_failed ... ok
test orchestrator::tests::test_series_result_success ... ok
test organizer::property_tests::prop_category_to_subdirectory_mapping ... ok
test organizer::property_tests::prop_done_marker_creation_on_completion ... ok
test orchestrator::property_tests::prop_processing_mode_filtering ... ok
test converter::property_tests::prop_hardware_detection_returns_valid_type ... ok
test organizer::property_tests::prop_season_number_interpretation ... ok
test orchestrator::property_tests::prop_idempotent_re_execution ... ok
test organizer::property_tests::prop_season_zero_file_naming_format ... ok
test organizer::tests::test_cleanup_temp_dir ... ok
test organizer::tests::test_cleanup_temp_dir_handles_nonexistent_dir ... ok
test organizer::tests::test_create_done_marker ... ok
test organizer::tests::test_done_marker_json_format ... ok
test organizer::tests::test_ensure_subdirectory_creates_missing_dir ... ok
test organizer::tests::test_ensure_subdirectory_handles_existing_dir ... ok
test organizer::tests::test_move_file_success ... ok
test organizer::tests::test_organize_handles_multiple_categories ... ok
test organizer::tests::test_organize_integration ... ok
test organizer::tests::test_organize_skips_failed_conversions ... ok
test organizer::tests::test_series_organizer_multiple_categories ... ok
test organizer::tests::test_series_organizer_organize_season_specific_extras ... ok
test organizer::tests::test_series_organizer_organize_series_level_extras ... ok
test organizer::tests::test_series_organizer_organize_specials ... ok
test organizer::tests::test_series_organizer_sanitize_filename ... ok
test organizer::tests::test_series_organizer_skips_failed_conversions ... ok
test organizer::tests::test_series_organizer_skips_nonexistent_season ... ok
test output::property_tests::prop_error_message_formatting ... ok
test output::property_tests::prop_series_summary_statistics_accuracy ... ok
test output::tests::test_colored_output_generation ... ok
test output::tests::test_display_conversion_progress ... ok
test output::tests::test_display_conversion_result_failure ... ok
test output::tests::test_display_conversion_result_success ... ok
test organizer::property_tests::prop_series_category_to_subdirectory_mapping ... ok
test output::tests::test_display_download_progress ... ok
test output::tests::test_display_download_result_failure ... ok
test output::tests::test_display_discovery_start ... ok
test output::tests::test_display_download_result_success ... ok
test output::tests::test_display_error ... ok
test output::tests::test_display_movie_complete_failure ... ok
test output::tests::test_display_file_organized ... ok
test output::tests::test_display_movie_complete_success ... ok
test output::tests::test_display_movie_start ... ok
test output::tests::test_display_organization_start ... ok
test output::tests::test_display_phase ... ok
test output::tests::test_display_scanning_progress_found ... ok
test output::tests::test_display_series_complete_failure ... ok
test output::tests::test_display_scanning_progress_skipped ... ok
test output::tests::test_display_series_conversion_stats_all_successful ... ok
test output::tests::test_display_series_complete_success ... ok
test output::tests::test_display_series_conversion_stats_with_failures ... ok
test output::tests::test_display_series_discovery_progress ... ok
test output::tests::test_display_series_download_stats_with_failures ... ok
test output::tests::test_display_series_download_stats_all_successful ... ok
test output::tests::test_display_series_start ... ok
test output::tests::test_display_summary_empty ... ok
test output::tests::test_display_summary_all_successful ... ok
test output::tests::test_display_summary_with_failures ... ok
test output::tests::test_error_message_formatting ... ok
test output::tests::test_progress_indicator_formatting ... ok
test output::tests::test_summary_statistics_display ... ok
test converter::property_tests::prop_conversion_success_cleanup ... ok
test converter::property_tests::prop_conversion_failure_preservation ... ok
test scanner::property_tests::prop_backward_compatibility_done_marker_format ... ok
test scanner::property_tests::prop_backward_compatibility_movies_only ... ok
test scanner::property_tests::prop_done_marker_skipping_behavior ... ok
test organizer::property_tests::prop_subdirectory_creation ... ok
test scanner::property_tests::prop_folder_name_parsing_correctness ... ok
test scanner::tests::test_check_done_marker_with_valid_marker ... ok
test scanner::tests::test_check_done_marker_without_marker ... ok
test scanner::tests::test_detect_season_folders_varied_formats ... ok
test scanner::tests::test_parse_folder_name_edge_cases ... ok
test scanner::tests::test_parse_folder_name_invalid ... ok
test scanner::property_tests::prop_series_folder_name_parsing ... ok
test scanner::tests::test_parse_folder_name_valid ... ok
test scanner::tests::test_scan_empty_directory ... ok
test scanner::tests::test_scan_file_instead_of_directory ... ok
test scanner::tests::test_scan_invalid_folder_names ... ok
test scanner::tests::test_scan_nonexistent_directory ... ok
test scanner::tests::test_scan_with_invalid_done_marker ... ok
test scanner::tests::test_scan_nested_directory_structure ... ok
test scanner::property_tests::prop_media_type_detection_consistency ... ok
test validation::property_tests::prop_missing_dependency_error_identifies_specific_dependency ... ignored, Requires TMDB_API_KEY to be unset, which is difficult in test environment
test validation::property_tests::prop_dependency_validation_structure ... ok
test validation::tests::test_api_key_validation_with_empty_string ... ignored, Requires ability to set TMDB_API_KEY, which may conflict with existing environment
test validation::tests::test_api_key_validation_with_special_characters ... ignored, Requires ability to set TMDB_API_KEY, which may conflict with existing environment
test validation::tests::test_check_binary_exists_with_nonexistent ... ok
test validation::tests::test_check_binary_exists_with_various_names ... ok
test validation::tests::test_check_tmdb_api_key_missing ... ignored, Requires TMDB_API_KEY to be unset, which is difficult in test environment
test validation::tests::test_check_tmdb_api_key_present ... ignored, Environment-dependent test - requires ability to set/check TMDB_API_KEY
test validation::tests::test_ffmpeg_codec_detection_real ... ignored
test validation::tests::test_ffmpeg_hevc_support_real ... ignored
test validation::tests::test_validation_error_messages ... ok
test validation::tests::test_validation_with_missing_ffmpeg ... ok
test validation::tests::test_validation_with_missing_ytdlp ... ok
test validation::tests::test_validator_creation ... ok
test validation::tests::test_validator_default_trait ... ok
test validation::property_tests::prop_missing_binary_error_identifies_binary_name ... ok
test validation::property_tests::prop_validation_checks_all_dependencies_in_order ... ok
test scanner::property_tests::prop_series_done_marker_skipping ... ok
test organizer::property_tests::prop_temp_folder_cleanup_on_success ... ok
test scanner::property_tests::prop_recursive_traversal_completeness ... ok

test result: ok. 353 passed; 0 failed; 9 ignored; 0 measured; 0 filtered out; finished in 24.95s

